// Jest Snapshot v1, https://goo.gl/fbAQLP

exports[`App Render properly check snapshot state 1`] = `
<div
  className="MuiBox-root MuiBox-root-1"
>
  <div
    className="MuiBox-root MuiBox-root-2"
  />
  <div
    className="MuiBox-root MuiBox-root-4"
  >
    <div
      className="MuiBottomNavigation-root makeStyles-navbar-3"
    >
      <button
        className="MuiButtonBase-root MuiBottomNavigationAction-root MuiBottomNavigationAction-iconOnly"
        disabled={false}
        onBlur={[Function]}
        onClick={[Function]}
        onDragLeave={[Function]}
        onFocus={[Function]}
        onKeyDown={[Function]}
        onKeyUp={[Function]}
        onMouseDown={[Function]}
        onMouseLeave={[Function]}
        onMouseUp={[Function]}
        onTouchEnd={[Function]}
        onTouchMove={[Function]}
        onTouchStart={[Function]}
        tabIndex={0}
        type="button"
      >
        <span
          className="MuiBottomNavigationAction-wrapper"
        >
          <svg
            aria-hidden={true}
            className="MuiSvgIcon-root"
            focusable="false"
            viewBox="0 0 24 24"
          >
            <path
              d="M20 2H4c-1.1 0-1.99.9-1.99 2L2 22l4-4h14c1.1 0 2-.9 2-2V4c0-1.1-.9-2-2-2zM6 9h12v2H6V9zm8 5H6v-2h8v2zm4-6H6V6h12v2z"
            />
          </svg>
          <span
            className="MuiBottomNavigationAction-label MuiBottomNavigationAction-iconOnly"
          >
            Chat
          </span>
        </span>
      </button>
      <hr
        className="MuiDivider-root MuiDivider-vertical"
        onChange={[Function]}
        selected={false}
        showLabel={false}
        value={1}
      />
      <button
        className="MuiButtonBase-root MuiBottomNavigationAction-root MuiBottomNavigationAction-iconOnly"
        disabled={false}
        onBlur={[Function]}
        onClick={[Function]}
        onDragLeave={[Function]}
        onFocus={[Function]}
        onKeyDown={[Function]}
        onKeyUp={[Function]}
        onMouseDown={[Function]}
        onMouseLeave={[Function]}
        onMouseUp={[Function]}
        onTouchEnd={[Function]}
        onTouchMove={[Function]}
        onTouchStart={[Function]}
        tabIndex={0}
        type="button"
      >
        <span
          className="MuiBottomNavigationAction-wrapper"
        >
          <svg
            aria-hidden={true}
            className="MuiSvgIcon-root"
            focusable="false"
            viewBox="0 0 24 24"
          >
            <path
              d="M10 20v-6h4v6h5v-8h3L12 3 2 12h3v8z"
            />
          </svg>
          <span
            className="MuiBottomNavigationAction-label MuiBottomNavigationAction-iconOnly"
          >
            Home
          </span>
        </span>
      </button>
    </div>
  </div>
</div>
`;
